<html>
<body>
<pre>
<h1>µVision Build Log</h1>
<h2>Project:</h2>
E:\ARM\Lab01\lab01.uvproj
Project File Date:  09/19/2019

<h2>Output:</h2>
Build target 'Target 1'
assembling bai4.s...
linking...
.\lab01.sct(8): warning: L6314W: No section matches pattern *(InRoot$$Sections).
Program Size: Code=24 RO-data=8 RW-data=0 ZI-data=0  
FromELF: creating hex file...
".\lab01.axf" - 0 Errors, 1 Warning(s).
Build target 'Target 1'
assembling bai5.s...
linking...
.\lab01.sct(8): warning: L6314W: No section matches pattern *(InRoot$$Sections).
Program Size: Code=28 RO-data=8 RW-data=0 ZI-data=0  
FromELF: creating hex file...
".\lab01.axf" - 0 Errors, 1 Warning(s).
Build target 'Target 1'
assembling bai6.s...
linking...
.\lab01.sct(8): warning: L6314W: No section matches pattern *(InRoot$$Sections).
Program Size: Code=56 RO-data=16 RW-data=0 ZI-data=0  
FromELF: creating hex file...
".\lab01.axf" - 0 Errors, 1 Warning(s).
Build target 'Target 1'
assembling bai7.s...
bai7.s(36): error: A1516E: Bad symbol 'TimUCLN', not defined or external
bai7.s(43): error: A1516E: Bad symbol 'tiep', not defined or external
".\lab01.axf" - 2 Errors, 0 Warning(s).
Target not created
Build target 'Target 1'
assembling bai7.s...
bai7.s(36): error: A1516E: Bad symbol 'TimUCLN', not defined or external
bai7.s(43): error: A1516E: Bad symbol 'tiep', not defined or external
".\lab01.axf" - 2 Errors, 0 Warning(s).
Target not created
Build target 'Target 1'
assembling bai7.s...
linking...
.\lab01.sct(8): warning: L6314W: No section matches pattern *(InRoot$$Sections).
Program Size: Code=40 RO-data=16 RW-data=0 ZI-data=0  
FromELF: creating hex file...
".\lab01.axf" - 0 Errors, 1 Warning(s).
Build target 'Target 1'
assembling bai9.s...
bai9.s(25): error: A1516E: Bad symbol 'phanDu', not defined or external
".\lab01.axf" - 1 Errors, 0 Warning(s).
Target not created
Build target 'Target 1'
assembling bai9.s...
linking...
.\lab01.sct(8): warning: L6314W: No section matches pattern *(InRoot$$Sections).
Program Size: Code=56 RO-data=16 RW-data=0 ZI-data=0  
FromELF: creating hex file...
".\lab01.axf" - 0 Errors, 1 Warning(s).
Build target 'Target 1'
assembling bai1.s...
linking...
.\lab01.sct(8): warning: L6314W: No section matches pattern *(InRoot$$Sections).
Program Size: Code=24 RO-data=8 RW-data=0 ZI-data=0  
FromELF: creating hex file...
".\lab01.axf" - 0 Errors, 1 Warning(s).
Build target 'Target 1'
assembling bai1.s...
linking...
.\lab01.sct(8): warning: L6314W: No section matches pattern *(InRoot$$Sections).
Program Size: Code=24 RO-data=8 RW-data=0 ZI-data=0  
FromELF: creating hex file...
".\lab01.axf" - 0 Errors, 1 Warning(s).
Build target 'Target 1'
linking...
.\lab01.sct(8): warning: L6314W: No section matches pattern *(InRoot$$Sections).
Program Size: Code=24 RO-data=8 RW-data=0 ZI-data=0  
FromELF: creating hex file...
".\lab01.axf" - 0 Errors, 1 Warning(s).
Rebuild target 'Target 1'
assembling bai1.s...
linking...
.\lab01.sct(8): warning: L6314W: No section matches pattern *(InRoot$$Sections).
Program Size: Code=24 RO-data=8 RW-data=0 ZI-data=0  
FromELF: creating hex file...
".\lab01.axf" - 0 Errors, 1 Warning(s).
Build target 'Target 1'
linking...
.\lab01.sct(8): warning: L6314W: No section matches pattern *(InRoot$$Sections).
Program Size: Code=24 RO-data=8 RW-data=0 ZI-data=0  
FromELF: creating hex file...
".\lab01.axf" - 0 Errors, 1 Warning(s).
Build target 'Target 1'
assembling bai1.s...
linking...
.\lab01.sct(8): warning: L6314W: No section matches pattern *(InRoot$$Sections).
Program Size: Code=24 RO-data=8 RW-data=0 ZI-data=0  
FromELF: creating hex file...
".\lab01.axf" - 0 Errors, 1 Warning(s).
Build target 'Target 1'
assembling bai2.s...
linking...
.\lab01.sct(8): warning: L6314W: No section matches pattern *(InRoot$$Sections).
Program Size: Code=44 RO-data=8 RW-data=0 ZI-data=0  
FromELF: creating hex file...
".\lab01.axf" - 0 Errors, 1 Warning(s).
Rebuild target 'Target 1'
assembling bai2.s...
linking...
.\lab01.sct(8): warning: L6314W: No section matches pattern *(InRoot$$Sections).
Program Size: Code=44 RO-data=8 RW-data=0 ZI-data=0  
FromELF: creating hex file...
".\lab01.axf" - 0 Errors, 1 Warning(s).
Rebuild target 'Target 1'
assembling bai3.s...
linking...
.\lab01.sct(8): warning: L6314W: No section matches pattern *(InRoot$$Sections).
Program Size: Code=40 RO-data=16 RW-data=0 ZI-data=0  
FromELF: creating hex file...
".\lab01.axf" - 0 Errors, 1 Warning(s).
Rebuild target 'Target 1'
assembling bai3.s...
linking...
.\lab01.sct(8): warning: L6314W: No section matches pattern *(InRoot$$Sections).
Program Size: Code=24 RO-data=8 RW-data=0 ZI-data=0  
FromELF: creating hex file...
".\lab01.axf" - 0 Errors, 1 Warning(s).
Rebuild target 'Target 1'
assembling bai3.s...
linking...
.\lab01.sct(8): warning: L6314W: No section matches pattern *(InRoot$$Sections).
Program Size: Code=24 RO-data=8 RW-data=0 ZI-data=0  
FromELF: creating hex file...
".\lab01.axf" - 0 Errors, 1 Warning(s).
Load "E:\\ARM\\Lab01\\lab01.axf" 
Internal DLL Error
Rebuild target 'Target 1'
assembling bai3.s...
linking...
.\lab01.sct(8): warning: L6314W: No section matches pattern *(InRoot$$Sections).
Program Size: Code=24 RO-data=8 RW-data=0 ZI-data=0  
FromELF: creating hex file...
".\lab01.axf" - 0 Errors, 1 Warning(s).
Rebuild target 'Target 1'
assembling bai3.s...
linking...
.\lab01.sct(8): warning: L6314W: No section matches pattern *(InRoot$$Sections).
Program Size: Code=40 RO-data=16 RW-data=0 ZI-data=0  
FromELF: creating hex file...
".\lab01.axf" - 0 Errors, 1 Warning(s).
